[2023-06-13T06:54:01.664+0000][158202][gc] Using Concurrent Mark Sweep
[2023-06-13T06:54:01.665+0000][158202][gc,heap,coops] Heap address: 0x00000000c0000000, size: 1024 MB, Compressed Oops mode: 32-bit
[2023-06-13T06:54:01.720+0000][158202][safepoint    ] Entering safepoint region: EnableBiasedLocking
[2023-06-13T06:54:01.720+0000][158202][safepoint    ] Leaving safepoint region
[2023-06-13T06:54:01.720+0000][158202][safepoint    ] Total time for which application threads were stopped: 0.0000991 seconds, Stopping threads took: 0.0000497 seconds
[2023-06-13T06:54:01.723+0000][158202][gc,heap,exit ] Heap
[2023-06-13T06:54:01.723+0000][158202][gc,heap,exit ]  par new generation   total 314560K, used 22369K [0x00000000c0000000, 0x00000000d5550000, 0x00000000d5550000)
[2023-06-13T06:54:01.723+0000][158202][gc,heap,exit ]   eden space 279616K,   8% used [0x00000000c0000000, 0x00000000c15d8758, 0x00000000d1110000)
[2023-06-13T06:54:01.723+0000][158202][gc,heap,exit ]   from space 34944K,   0% used [0x00000000d1110000, 0x00000000d1110000, 0x00000000d3330000)
[2023-06-13T06:54:01.723+0000][158202][gc,heap,exit ]   to   space 34944K,   0% used [0x00000000d3330000, 0x00000000d3330000, 0x00000000d5550000)
[2023-06-13T06:54:01.723+0000][158202][gc,heap,exit ]  concurrent mark-sweep generation total 699072K, used 0K [0x00000000d5550000, 0x0000000100000000, 0x0000000100000000)
[2023-06-13T06:54:01.723+0000][158202][gc,heap,exit ]  Metaspace       used 3140K, capacity 4480K, committed 4480K, reserved 1056768K
[2023-06-13T06:54:01.723+0000][158202][gc,heap,exit ]   class space    used 265K, capacity 384K, committed 384K, reserved 1048576K
[2023-06-13T06:54:01.723+0000][158202][safepoint    ] Application time: 0.0028869 seconds
[2023-06-13T06:54:01.723+0000][158202][safepoint    ] Entering safepoint region: Halt
