[2023-06-13T08:30:47.936+0000][171464][gc] Using Concurrent Mark Sweep
[2023-06-13T08:30:47.937+0000][171464][gc,heap,coops] Heap address: 0x00000000c0000000, size: 1024 MB, Compressed Oops mode: 32-bit
[2023-06-13T08:30:48.003+0000][171464][safepoint    ] Entering safepoint region: EnableBiasedLocking
[2023-06-13T08:30:48.003+0000][171464][safepoint    ] Leaving safepoint region
[2023-06-13T08:30:48.003+0000][171464][safepoint    ] Total time for which application threads were stopped: 0.0001366 seconds, Stopping threads took: 0.0000642 seconds
[2023-06-13T08:30:48.004+0000][171464][gc,heap,exit ] Heap
[2023-06-13T08:30:48.004+0000][171464][gc,heap,exit ]  par new generation   total 314560K, used 22369K [0x00000000c0000000, 0x00000000d5550000, 0x00000000d5550000)
[2023-06-13T08:30:48.004+0000][171464][gc,heap,exit ]   eden space 279616K,   8% used [0x00000000c0000000, 0x00000000c15d87b0, 0x00000000d1110000)
[2023-06-13T08:30:48.004+0000][171464][gc,heap,exit ]   from space 34944K,   0% used [0x00000000d1110000, 0x00000000d1110000, 0x00000000d3330000)
[2023-06-13T08:30:48.004+0000][171464][gc,heap,exit ]   to   space 34944K,   0% used [0x00000000d3330000, 0x00000000d3330000, 0x00000000d5550000)
[2023-06-13T08:30:48.004+0000][171464][gc,heap,exit ]  concurrent mark-sweep generation total 699072K, used 0K [0x00000000d5550000, 0x0000000100000000, 0x0000000100000000)
[2023-06-13T08:30:48.004+0000][171464][gc,heap,exit ]  Metaspace       used 3137K, capacity 4480K, committed 4480K, reserved 1056768K
[2023-06-13T08:30:48.004+0000][171464][gc,heap,exit ]   class space    used 265K, capacity 384K, committed 384K, reserved 1048576K
[2023-06-13T08:30:48.004+0000][171464][safepoint    ] Application time: 0.0016109 seconds
[2023-06-13T08:30:48.004+0000][171464][safepoint    ] Entering safepoint region: Halt
